vite v8.2.0 building client environment for production...
[2Ktransforming...✓ 4763 modules transformed.

(!) outDir /tmp/afflatus-astra-m11 is not inside project root and will not be emptied.
Use --emptyOutDir to override.

rendering chunks...
computing gzip size...
../../../../../../tmp/afflatus-astra-m11/assets/sectorsForce.worker-B6Po3lQx.js           2.35 kB
../../../../../../tmp/afflatus-astra-m11/index.html                                      10.36 kB │ gzip:   3.33 kB
../../../../../../tmp/afflatus-astra-m11/boot.html                                       13.84 kB │ gzip:   4.70 kB
../../../../../../tmp/afflatus-astra-m11/sectors.html                                    40.30 kB │ gzip:  12.82 kB
../../../../../../tmp/afflatus-astra-m11/horoscope.html                                  40.75 kB │ gzip:  12.62 kB
../../../../../../tmp/afflatus-astra-m11/arena.html                                      41.58 kB │ gzip:  13.19 kB
../../../../../../tmp/afflatus-astra-m11/assets/horoscopeSynthesis.worker-D_KO8k2G.js    59.05 kB
../../../../../../tmp/afflatus-astra-m11/portfolio.html                                  61.14 kB │ gzip:  18.48 kB
../../../../../../tmp/afflatus-astra-m11/serial.html                                     73.97 kB │ gzip:  20.83 kB
../../../../../../tmp/afflatus-astra-m11/course.html                                     99.30 kB │ gzip:  30.10 kB
../../../../../../tmp/afflatus-astra-m11/signal.html                                    100.14 kB │ gzip:  29.83 kB
../../../../../../tmp/afflatus-astra-m11/assets/main-FGWprM5K.css                        14.15 kB │ gzip:   3.78 kB
../../../../../../tmp/afflatus-astra-m11/assets/portfolio-DoV9lLoW.css                  336.48 kB │ gzip:  62.44 kB
../../../../../../tmp/afflatus-astra-m11/assets/math-B1wlSQR9.js                          0.14 kB │ gzip:   0.12 kB
../../../../../../tmp/afflatus-astra-m11/assets/arenaWindowGate-CM4kDfQC.js               0.18 kB │ gzip:   0.11 kB
../../../../../../tmp/afflatus-astra-m11/assets/dataBridge-Dqnzac5D.js                    0.19 kB │ gzip:   0.17 kB
../../../../../../tmp/afflatus-astra-m11/assets/weaponClock-CRdmerHf.js                   0.40 kB │ gzip:   0.27 kB
../../../../../../tmp/afflatus-astra-m11/assets/contentSafety-ugunyCKe.js                 0.45 kB │ gzip:   0.31 kB
../../../../../../tmp/afflatus-astra-m11/assets/performance-eN4t6MSt.js                   0.46 kB │ gzip:   0.28 kB
../../../../../../tmp/afflatus-astra-m11/assets/rolldown-runtime-hePW80VL.js              0.71 kB │ gzip:   0.42 kB
../../../../../../tmp/afflatus-astra-m11/assets/provenanceBadge-hKMBbn83.js               0.75 kB │ gzip:   0.50 kB
../../../../../../tmp/afflatus-astra-m11/assets/viz-DKJZ7ybR.js                           0.85 kB │ gzip:   0.51 kB
../../../../../../tmp/afflatus-astra-m11/assets/audio-Bf-hWNJ5.js                         0.92 kB │ gzip:   0.53 kB
../../../../../../tmp/afflatus-astra-m11/assets/latestWorkerTask-DfIgBTZb.js              0.94 kB │ gzip:   0.52 kB
../../../../../../tmp/afflatus-astra-m11/assets/cameraMath-Cw9ZubIH.js                    0.96 kB │ gzip:   0.53 kB
../../../../../../tmp/afflatus-astra-m11/assets/proceduralLod-B3DBx5eo.js                 1.34 kB │ gzip:   0.73 kB
../../../../../../tmp/afflatus-astra-m11/assets/validateArenaUniverse-Q83NJgLg.js         1.80 kB │ gzip:   0.78 kB
../../../../../../tmp/afflatus-astra-m11/assets/termGlossary-BGlZ3pKS.js                  1.85 kB │ gzip:   1.27 kB
../../../../../../tmp/afflatus-astra-m11/assets/validateNovelsData-LYjJsWKi.js            1.99 kB │ gzip:   0.84 kB
../../../../../../tmp/afflatus-astra-m11/assets/validateArenaNews-ScR3YmhK.js             2.35 kB │ gzip:   1.06 kB
../../../../../../tmp/afflatus-astra-m11/assets/validateArenaQuantModel-BaiTv1On.js       2.37 kB │ gzip:   0.96 kB
../../../../../../tmp/afflatus-astra-m11/assets/i18n-D38K-6c0.js                          2.45 kB │ gzip:   1.03 kB
../../../../../../tmp/afflatus-astra-m11/assets/astro-N_DHwija.js                         2.52 kB │ gzip:   1.53 kB
../../../../../../tmp/afflatus-astra-m11/assets/ambientBackdrops-C-4MBryh.js              2.89 kB │ gzip:   1.36 kB
../../../../../../tmp/afflatus-astra-m11/assets/voyageLogConsole-CY0aO9pP.js              2.91 kB │ gzip:   1.58 kB
../../../../../../tmp/afflatus-astra-m11/assets/readingNavigation-DDKXhQjK.js             3.18 kB │ gzip:   1.33 kB
../../../../../../tmp/afflatus-astra-m11/assets/marketSession-BEnyLB9X.js                 3.26 kB │ gzip:   1.56 kB
../../../../../../tmp/afflatus-astra-m11/assets/detailController-BXybkXf0.js              3.33 kB │ gzip:   1.73 kB
../../../../../../tmp/afflatus-astra-m11/assets/validateSignalEvents-CDksToil.js          3.49 kB │ gzip:   1.36 kB
../../../../../../tmp/afflatus-astra-m11/assets/webglLifecycle-zY0fBKZy.js                3.96 kB │ gzip:   1.84 kB
../../../../../../tmp/afflatus-astra-m11/assets/validateSectorsRivalry-_P-yhl6N.js        4.28 kB │ gzip:   1.56 kB
../../../../../../tmp/afflatus-astra-m11/assets/viewport-DGanTzdR.js                      4.29 kB │ gzip:   1.80 kB
../../../../../../tmp/afflatus-astra-m11/assets/validateArenaDigest-ChpDPCPe.js           4.43 kB │ gzip:   1.75 kB
../../../../../../tmp/afflatus-astra-m11/assets/bazi-DngmbXzb.js                          4.51 kB │ gzip:   2.35 kB
../../../../../../tmp/afflatus-astra-m11/assets/signal-DLJ7gNe4.js                        4.63 kB │ gzip:   2.14 kB
../../../../../../tmp/afflatus-astra-m11/assets/boot-BCulY6Tx.js                          5.77 kB │ gzip:   2.58 kB
../../../../../../tmp/afflatus-astra-m11/assets/validateSectorsCompetition-CP3jYybd.js    6.40 kB │ gzip:   2.17 kB
../../../../../../tmp/afflatus-astra-m11/assets/validateSectorsData-Cx7u08lE.js           6.41 kB │ gzip:   1.84 kB
../../../../../../tmp/afflatus-astra-m11/assets/odinHull-DoJv023n.js                      6.44 kB │ gzip:   2.58 kB
../../../../../../tmp/afflatus-astra-m11/assets/shareFeature-C_vM5rlz.js                  6.45 kB │ gzip:   2.64 kB
../../../../../../tmp/afflatus-astra-m11/assets/astroChart-BksqmWI8.js                    6.84 kB │ gzip:   2.85 kB
../../../../../../tmp/afflatus-astra-m11/assets/renderBudgetCoordinator-BbHEDsgP.js       8.18 kB │ gzip:   3.05 kB
../../../../../../tmp/afflatus-astra-m11/assets/horoscopeSynthesis-Bf2635Ln.js            8.55 kB │ gzip:   4.68 kB
../../../../../../tmp/afflatus-astra-m11/assets/fetchJson-C1PBSESN.js                     8.57 kB │ gzip:   2.96 kB
../../../../../../tmp/afflatus-astra-m11/assets/synastryFeature-DqylSY-d.js               8.77 kB │ gzip:   5.02 kB
../../../../../../tmp/afflatus-astra-m11/assets/backgroundScene-DcVf_zwv.js               8.85 kB │ gzip:   4.22 kB
../../../../../../tmp/afflatus-astra-m11/assets/validateArenaPicks-NZQOwwIn.js            9.28 kB │ gzip:   3.88 kB
../../../../../../tmp/afflatus-astra-m11/assets/webVitals-C4iY3L62.js                    10.49 kB │ gzip:   4.15 kB
../../../../../../tmp/afflatus-astra-m11/assets/alphardForge-DikExDtG.js                 10.59 kB │ gzip:   4.75 kB
../../../../../../tmp/afflatus-astra-m11/assets/serial-CsCpH2TG.js                       10.88 kB │ gzip:   4.59 kB
../../../../../../tmp/afflatus-astra-m11/assets/capitalShip3D-CkYQ6vOg.js                11.25 kB │ gzip:   4.69 kB
../../../../../../tmp/afflatus-astra-m11/assets/armorDemoScene-yRBsvU4l.js               14.71 kB │ gzip:   6.01 kB
../../../../../../tmp/afflatus-astra-m11/assets/sectorsStarfield-D2jwy8UD.js             16.56 kB │ gzip:   6.98 kB
../../../../../../tmp/afflatus-astra-m11/assets/p2FleetDemoScene-CJfebx8m.js             17.23 kB │ gzip:   6.93 kB
../../../../../../tmp/afflatus-astra-m11/assets/sectors-GJTYTOMC.js                      18.07 kB │ gzip:   7.61 kB
../../../../../../tmp/afflatus-astra-m11/assets/transition-C16H_zKR.js                   18.11 kB │ gzip:   6.09 kB
../../../../../../tmp/afflatus-astra-m11/assets/quizFeature-Dyr4aSD2.js                  24.24 kB │ gzip:  12.62 kB
../../../../../../tmp/afflatus-astra-m11/assets/graphController-Bo-MArrP.js              24.87 kB │ gzip:  10.67 kB
../../../../../../tmp/afflatus-astra-m11/assets/portfolio-Ponvvow3.js                    26.91 kB │ gzip:  10.85 kB
../../../../../../tmp/afflatus-astra-m11/assets/mineFeature-Dv8RgKyE.js                  27.93 kB │ gzip:  13.29 kB
../../../../../../tmp/afflatus-astra-m11/assets/ziwei-QH9eWegl.js                        28.52 kB │ gzip:  14.33 kB
../../../../../../tmp/afflatus-astra-m11/assets/marketDeck-CmGZzqji.js                   30.76 kB │ gzip:  12.25 kB
../../../../../../tmp/afflatus-astra-m11/assets/topdownCombat-VB1LP_Bh.js                37.25 kB │ gzip:  14.61 kB
../../../../../../tmp/afflatus-astra-m11/assets/birthFeature-Df3ERFkR.js                 39.89 kB │ gzip:  12.22 kB
../../../../../../tmp/afflatus-astra-m11/assets/vendor-astronomy-Dd4wKPl8.js             46.26 kB │ gzip:  20.23 kB
../../../../../../tmp/afflatus-astra-m11/assets/vendor-three-addons-B8ugYWYB.js          48.50 kB │ gzip:  14.05 kB
../../../../../../tmp/afflatus-astra-m11/assets/course-54Ce3FMS.js                       53.60 kB │ gzip:  25.08 kB
../../../../../../tmp/afflatus-astra-m11/assets/horoscope-BXltcB3Q.js                    63.76 kB │ gzip:  25.21 kB
../../../../../../tmp/afflatus-astra-m11/assets/arena-eIOZPPtZ.js                        77.46 kB │ gzip:  29.78 kB
../../../../../../tmp/afflatus-astra-m11/assets/homeExperience-81HCnlR1.js              165.14 kB │ gzip:  59.99 kB
../../../../../../tmp/afflatus-astra-m11/assets/main-CDNNBegz.js                        219.36 kB │ gzip:  70.09 kB
../../../../../../tmp/afflatus-astra-m11/assets/vendor-three-C9PETgcI.js                659.23 kB │ gzip: 167.97 kB

[plugin builtin:vite-reporter] 
(!) Some chunks are larger than 500 kB after minification. Consider:
- Using dynamic import() to code-split the application
- Use build.rolldownOptions.output.codeSplitting to improve chunking: https://rolldown.rs/reference/OutputOptions.codeSplitting
- Adjust chunk size limit for this warning via build.chunkSizeWarningLimit.
✓ built in 400ms
