
Running 29 tests using 1 worker

(node:43852) Warning: The 'NO_COLOR' env is ignored due to the 'FORCE_COLOR' env being set.
(Use `node --trace-warnings ...` to show where the warning was created)
  ✓   1 e2e/astra-reading-navigation.spec.js:27:2 › portfolio en 1440: links, keyboard, history and deep link (4.6s)
  ✓   2 e2e/astra-reading-navigation.spec.js:27:2 › portfolio en 390: links, keyboard, history and deep link (3.7s)
  ✓   3 e2e/astra-reading-navigation.spec.js:27:2 › portfolio zh 1440: links, keyboard, history and deep link (4.0s)
  ✓   4 e2e/astra-reading-navigation.spec.js:27:2 › portfolio zh 390: links, keyboard, history and deep link (3.7s)
  ✓   5 e2e/astra-reading-navigation.spec.js:27:2 › sectors en 1440: links, keyboard, history and deep link (446ms)
  ✓   6 e2e/astra-reading-navigation.spec.js:27:2 › sectors en 390: links, keyboard, history and deep link (363ms)
  ✓   7 e2e/astra-reading-navigation.spec.js:27:2 › sectors zh 1440: links, keyboard, history and deep link (428ms)
  ✓   8 e2e/astra-reading-navigation.spec.js:27:2 › sectors zh 390: links, keyboard, history and deep link (425ms)
  ✓   9 e2e/astra-reading-navigation.spec.js:27:2 › signal en 1440: links, keyboard, history and deep link (239ms)
  ✓  10 e2e/astra-reading-navigation.spec.js:27:2 › signal en 390: links, keyboard, history and deep link (225ms)
  ✓  11 e2e/astra-reading-navigation.spec.js:27:2 › signal zh 1440: links, keyboard, history and deep link (257ms)
  ✓  12 e2e/astra-reading-navigation.spec.js:27:2 › signal zh 390: links, keyboard, history and deep link (236ms)
  ✓  13 e2e/astra-reading-navigation.spec.js:27:2 › course en 1440: links, keyboard, history and deep link (2.2s)
  ✓  14 e2e/astra-reading-navigation.spec.js:27:2 › course en 390: links, keyboard, history and deep link (2.2s)
  ✓  15 e2e/astra-reading-navigation.spec.js:27:2 › course zh 1440: links, keyboard, history and deep link (2.4s)
  ✓  16 e2e/astra-reading-navigation.spec.js:27:2 › course zh 390: links, keyboard, history and deep link (2.3s)
  ✓  17 e2e/astra-reading-navigation.spec.js:49:2 › portfolio: no-JS native links and modified click (163ms)
  ✓  18 e2e/astra-reading-navigation.spec.js:49:2 › sectors: no-JS native links and modified click (112ms)
  ✓  19 e2e/astra-reading-navigation.spec.js:49:2 › signal: no-JS native links and modified click (129ms)
  ✓  20 e2e/astra-reading-navigation.spec.js:49:2 › course: no-JS native links and modified click (2.0s)
  ✓  21 e2e/astra-reading-navigation.spec.js:57:1 › Portfolio: real wheel updates only the current marker, normal motion and RM change (5.0s)
  ✓  22 e2e/astra-reading-navigation.spec.js:71:1 › Portfolio: language link retains query and chosen section (3.9s)
  ✓  23 e2e/astra-reading-navigation.spec.js:79:1 › Course: a quick second jump is not undone by a delayed first jump (1.2s)
  ✓  24 e2e/astra-reading-navigation.spec.js:87:1 › Portfolio: modified click opens an independent native deep link (356ms)
  ✓  25 e2e/astra-reading-navigation.spec.js:107:50 › sectors: locale switch retains query and section (473ms)
  ✓  26 e2e/astra-reading-navigation.spec.js:107:50 › signal: locale switch retains query and section (317ms)
  ✓  27 e2e/astra-reading-navigation.spec.js:107:50 › course: locale switch retains query and section (257ms)
  ✓  28 e2e/astra-reading-navigation.spec.js:112:1 › Four reading indexes: 320/768/1280 and landscape layouts retain accessible targets (4.9s)
  ✓  29 e2e/astra-reading-navigation.spec.js:123:1 › Touch: horizontal directory browsing does not change page position or history (245ms)

  29 passed (47.0s)
